0000000000000000000000000000000000000000000000000000000000000000
0                                                              0
0                                                              0
0                                                              0
0        WW               WW                WW                 0
0        WW               WW                WW                 0
0      WWWWWW           WWWWWW            WWWWWW               0
0      WWWWWW           WWWWWW            WWWWWW               0
0        WW               WW                WW                 0
0        WW               WW                WW                 0
0                                                              0
0                                                              0
0                                                              0
0                                                              0
0         WW              WW                WW                 0
0         WW              WW                WW                 0
0       WWWWWW          WWWWWW            WWWWWW               0
0       WWWWWW          WWWWWW            WWWWWW               0
0         WW              WW                WW                 0
0         WW              WW                WW                 0
0                                                              0
0                                                              0
0                                            WW                0
0        WW               WW                 WW                0
0        WW               WW               WWWWWW              0
0      WWWWWW           WWWWWW             WWWWWW              0
0      WWWWWW           WWWWWW               WW                0
0        WW               WW                 WW                0
0        WW               WW                                   0
0                                                              0
0                                                              0
0                                                              0
0                                                              0
0        WW               WW                WW                 0
0        WW               WW                WW                 0
0      WWWWWW           WWWWWW            WWWWWW               0
0      WWWWWW           WWWWWW            WWWWWW               0
0        WW               WW                WW                 0
0        WW               WW                WW                 0
0                                                              0
0                                                              0
0                                                              0
0                                                              0
0         WW              WW                WW                 0
0         WW              WW                WW                 0
0       WWWWWW          WWWWWW            WWWWWW               0
0       WWWWWW          WWWWWW            WWWWWW               0
0         WW              WW                WW                 0
0         WW              WW                WW                 0
0                                                              0
0                                                              0
0                                                              0
0                                                              0
0                                                              0
0         WW              WW                WW                 0
0         WW              WW                WW                 0
0       WWWWWW          WWWWWW            WWWWWW               0
0       WWWWWW          WWWWWW            WWWWWW               0
0         WW              WW                WW                 0
0         WW              WW                WW                 0
0                                                              0
0                                                              0
0000000000000000000000000000000000000000000000000000000000000000
