********************************************************************************
*                                                                              *
*         BBBBBBBBBBBBDDBBBBBBBBBBBBBBBBB                                      *
*         B1              7  7     6    B                                      *
*    T    B0              7  7     6    B                                      *
*         B1                            B                                      *
*         BBBBBBBBBBBBB  22  77777777777B          44           55             *
*               TTB                  5  B          44           55             *
*                 B       B          5  B                                      *
*                 B       B             B                                      *
*                 BBDDBBBBBBBBBBBBBBBBBBB                                      *
                                                                               *
          T                                                                    *
*                                                                              *
*                                                                              *
               T                                                               *
                                                                               *
*                                                                              *
*                                                                              *
*                                                                              *
*         11             22            33          44           55             *
*         11             22            33          44           55             *
*                                                                              *
*                                                                              *
*                                                                              *
*                                                                               
*                                                                               
*                                                                              *
*                                                                              *
*                                                                               
*                                                                               
*                                                                              *
*                                                                              *
*                                                                              *
*         11             22            33          44           55             *
*         11             22            33          44           55             *
*                                                                              *
*                                                                              *
*                                                                              *
*                                                                              *
*                                                                              *
*                                                                              *
********************************************************************************
